// Jest Snapshot v1, https://goo.gl/fbAQLP

exports[`UndoList组件 组件渲染正常 1`] = `
<div
  className="undo-list"
>
  <div
    className="undo-list-title"
  >
    正在进行
    <div
      className="undo-list-count"
      data-test="count"
    >
      0
    </div>
  </div>
  <ul
    className="undo-list-content"
  />
</div>
`;
